<?xml version='1.0' encoding='UTF-8'?>
<dataset>
    <jtester_user id="1" is_deleted="false"/>
    <jtester_address id="1" user_id="1" city="city" is_deleted="false"/>
</dataset>